###############################################################################
#                                                                             #
# IAR ANSI C/C++ Compiler V6.60.1.5097/W32 for ARM      30/Jul/2013  16:37:29 #
# Copyright 1999-2013 IAR Systems AB.                                         #
#                                                                             #
#    Cpu mode     =  thumb                                                    #
#    Endian       =  little                                                   #
#    Source file  =  D:\IAR\arm\examples\ST\STM32F05x\STM32F0-DISCOVERY\Proje #
#                    ct\src\EvalTest\stm32f0xx_it.c                           #
#    Command line =  D:\IAR\arm\examples\ST\STM32F05x\STM32F0-DISCOVERY\Proje #
#                    ct\src\EvalTest\stm32f0xx_it.c -D VECT_TAB_FLASH -lcN    #
#                    D:\IAR\arm\examples\ST\STM32F05x\STM32F0-DISCOVERY\Proje #
#                    ct\Flash\List\ -o D:\IAR\arm\examples\ST\STM32F05x\STM32 #
#                    F0-DISCOVERY\Project\Flash\Obj\ --no_cse --no_unroll     #
#                    --no_inline --no_code_motion --no_tbaa --no_clustering   #
#                    --no_scheduling --debug --endian=little --cpu=Cortex-M0  #
#                    -e --fpu=None --dlib_config                              #
#                    D:\IAR\arm\INC\c\DLib_Config_Normal.h --preinclude       #
#                    stm32f0xx_conf.h -I D:\IAR\arm\examples\ST\STM32F05x\STM #
#                    32F0-DISCOVERY\Project\ -I D:\IAR\arm\examples\ST\STM32F #
#                    05x\STM32F0-DISCOVERY\Project\src\EvalTest\ -I           #
#                    D:\IAR\arm\examples\ST\STM32F05x\STM32F0-DISCOVERY\Proje #
#                    ct\..\Libraries\STM32F0xx_StdPeriph_Driver\inc\ -I       #
#                    D:\IAR\arm\examples\ST\STM32F05x\STM32F0-DISCOVERY\Proje #
#                    ct\..\Libraries\CMSIS\Device\ST\STM32F0xx\Include\ -I    #
#                    D:\IAR\arm\examples\ST\STM32F05x\STM32F0-DISCOVERY\Proje #
#                    ct\..\Libraries\CMSIS\Include\ -Ol --use_c++_inline -I   #
#                    D:\IAR\arm\CMSIS\Include\                                #
#    List file    =  D:\IAR\arm\examples\ST\STM32F05x\STM32F0-DISCOVERY\Proje #
#                    ct\Flash\List\stm32f0xx_it.lst                           #
#    Object file  =  D:\IAR\arm\examples\ST\STM32F05x\STM32F0-DISCOVERY\Proje #
#                    ct\Flash\Obj\stm32f0xx_it.o                              #
#                                                                             #
#                                                                             #
###############################################################################

D:\IAR\arm\examples\ST\STM32F05x\STM32F0-DISCOVERY\Project\src\EvalTest\stm32f0xx_it.c
      1          /**
      2            ******************************************************************************
      3            * @file    SysTick/SysTick_Example/stm32f0xx_it.c 
      4            * @author  MCD Application Team
      5            * @version V0.1.0
      6            * @date    11-November-2011
      7            * @brief   Main Interrupt Service Routines.
      8            *          This file provides template for all exceptions handler and 
      9            *          peripherals interrupt service routine.
     10            ******************************************************************************
     11            * @attention
     12            *
     13            * THE PRESENT FIRMWARE WHICH IS FOR GUIDANCE ONLY AIMS AT PROVIDING CUSTOMERS
     14            * WITH CODING INFORMATION REGARDING THEIR PRODUCTS IN ORDER FOR THEM TO SAVE
     15            * TIME. AS A RESULT, STMICROELECTRONICS SHALL NOT BE HELD LIABLE FOR ANY
     16            * DIRECT, INDIRECT OR CONSEQUENTIAL DAMAGES WITH RESPECT TO ANY CLAIMS ARISING
     17            * FROM THE CONTENT OF SUCH FIRMWARE AND/OR THE USE MADE BY CUSTOMERS OF THE
     18            * CODING INFORMATION CONTAINED HEREIN IN CONNECTION WITH THEIR PRODUCTS.
     19            *
     20            * <h2><center>&copy; COPYRIGHT 2011 STMicroelectronics</center></h2>
     21            ******************************************************************************
     22            */ 
     23          
     24          /* Includes ------------------------------------------------------------------*/
     25          #include "stm32f0xx_it.h"
     26          #include "main.h"
     27          
     28          /** @addtogroup STM32F0xx_StdPeriph_Examples
     29            * @{
     30            */
     31          
     32          /** @addtogroup SysTick_Example
     33            * @{
     34            */ 
     35          
     36          /* Private typedef -----------------------------------------------------------*/
     37          /* Private define ------------------------------------------------------------*/
     38          /* Private macro -------------------------------------------------------------*/
     39          /* Private variables ---------------------------------------------------------*/
     40          /* Private function prototypes -----------------------------------------------*/
     41          /* Private functions ---------------------------------------------------------*/
     42          
     43          /******************************************************************************/
     44          /*            Cortex-M0 Processor Exceptions Handlers                         */
     45          /******************************************************************************/
     46          
     47          /**
     48            * @brief  This function handles NMI exception.
     49            * @param  None
     50            * @retval None
     51            */
     52          void NMI_Handler(void)
     53          {
     54          }
     55          
     56          /**
     57            * @brief  This function handles Hard Fault exception.
     58            * @param  None
     59            * @retval None
     60            */
     61          void HardFault_Handler(void)
     62          {
     63            /* Go to infinite loop when Hard Fault exception occurs */
     64            while (1)
     65            {
     66            }
     67          }
     68          
     69          /**
     70            * @brief  This function handles SVCall exception.
     71            * @param  None
     72            * @retval None
     73            */
     74          void SVC_Handler(void)
     75          {
     76          }
     77          
     78          /**
     79            * @brief  This function handles PendSVC exception.
     80            * @param  None
     81            * @retval None
     82            */
     83          void PendSV_Handler(void)
     84          {
     85          }
     86          
     87          /**
     88            * @brief  This function handles SysTick Handler.
     89            * @param  None
     90            * @retval None
     91            */
     92          void SysTick_Handler(void)
     93          {
     94            TimingDelay_Decrement();
     95          }
     96          
     97          /******************************************************************************/
     98          /*                 STM32F0xx Peripherals Interrupt Handlers                   */
     99          /*  Add here the Interrupt Handler for the used peripheral(s) (PPP), for the  */
    100          /*  available peripheral interrupt handler's name please refer to the startup */
    101          /*  file (startup_stm32f0xx.s).                                            */
    102          /******************************************************************************/
    103          
    104          /**
    105            * @brief  This function handles PPP interrupt request.
    106            * @param  None
    107            * @retval None
    108            */
    109          /*void PPP_IRQHandler(void)
    110          {
    111          }*/
    112          
    113          /**
    114            * @}
    115            */ 
    116          
    117          /**
    118            * @}
    119            */ 
    120          
    121          /******************* (C) COPYRIGHT 2011 STMicroelectronics *****END OF FILE****/

   Maximum stack usage in bytes:

   .cstack Function
   ------- --------
       4   HardFault_Handler
       0   NMI_Handler
       0   PendSV_Handler
       0   SVC_Handler
       8   SysTick_Handler
         8   -> TimingDelay_Decrement


   Section sizes:

   Bytes  Function/Label
   -----  --------------
       4  HardFault_Handler
       2  NMI_Handler
       2  PendSV_Handler
       2  SVC_Handler
       8  SysTick_Handler

 
 18 bytes in section .text
 
 18 bytes of CODE memory

Errors: none
Warnings: none
